This is pdfTeX, Version 3.141592653-2.6-1.40.28 (MiKTeX 25.12 Portable) (preloaded format=pdflatex 2026.5.31)  8 JUN 2026 09:23
entering extended mode
 restricted \write18 enabled.
 %&-line parsing enabled.
**./report.tex
(report.tex
LaTeX2e <2025-11-01>
L3 programming layer <2025-12-24>

(C:\Users\gilmar.souza\scoop\apps\latex\current\texmfs\install\tex/latex/base\a
rticle.cls
Document Class: article 2025/01/22 v1.4n Standard LaTeX document class

(C:\Users\gilmar.souza\scoop\apps\latex\current\texmfs\install\tex/latex/base\s
ize11.clo
File: size11.clo 2025/01/22 v1.4n Standard LaTeX file (size option)
)
\c@part=\count275
\c@section=\count276
\c@subsection=\count277
\c@subsubsection=\count278
\c@paragraph=\count279
\c@subparagraph=\count280
\c@figure=\count281
\c@table=\count282
\abovecaptionskip=\skip49
\belowcaptionskip=\skip50
\bibindent=\dimen148
)
(C:\Users\gilmar.souza\scoop\apps\latex\current\texmfs\install\tex/latex/base\f
ontenc.sty
Package: fontenc 2025/07/18 v2.1d Standard LaTeX package
)
(C:\Users\gilmar.souza\scoop\apps\latex\current\texmfs\install\tex/latex/lm\lmo
dern.sty
Package: lmodern 2015/05/01 v1.6.1 Latin Modern Fonts
LaTeX Font Info:    Overwriting symbol font `operators' in version `normal'
(Font)                  OT1/cmr/m/n --> OT1/lmr/m/n on input line 22.
LaTeX Font Info:    Overwriting symbol font `letters' in version `normal'
(Font)                  OML/cmm/m/it --> OML/lmm/m/it on input line 23.
LaTeX Font Info:    Overwriting symbol font `symbols' in version `normal'
(Font)                  OMS/cmsy/m/n --> OMS/lmsy/m/n on input line 24.
LaTeX Font Info:    Overwriting symbol font `largesymbols' in version `normal'
(Font)                  OMX/cmex/m/n --> OMX/lmex/m/n on input line 25.
LaTeX Font Info:    Overwriting symbol font `operators' in version `bold'
(Font)                  OT1/cmr/bx/n --> OT1/lmr/bx/n on input line 26.
LaTeX Font Info:    Overwriting symbol font `letters' in version `bold'
(Font)                  OML/cmm/b/it --> OML/lmm/b/it on input line 27.
LaTeX Font Info:    Overwriting symbol font `symbols' in version `bold'
(Font)                  OMS/cmsy/b/n --> OMS/lmsy/b/n on input line 28.
LaTeX Font Info:    Overwriting symbol font `largesymbols' in version `bold'
(Font)                  OMX/cmex/m/n --> OMX/lmex/m/n on input line 29.
LaTeX Font Info:    Overwriting math alphabet `\mathbf' in version `normal'
(Font)                  OT1/cmr/bx/n --> OT1/lmr/bx/n on input line 31.
LaTeX Font Info:    Overwriting math alphabet `\mathsf' in version `normal'
(Font)                  OT1/cmss/m/n --> OT1/lmss/m/n on input line 32.
LaTeX Font Info:    Overwriting math alphabet `\mathit' in version `normal'
(Font)                  OT1/cmr/m/it --> OT1/lmr/m/it on input line 33.
LaTeX Font Info:    Overwriting math alphabet `\mathtt' in version `normal'
(Font)                  OT1/cmtt/m/n --> OT1/lmtt/m/n on input line 34.
LaTeX Font Info:    Overwriting math alphabet `\mathbf' in version `bold'
(Font)                  OT1/cmr/bx/n --> OT1/lmr/bx/n on input line 35.
LaTeX Font Info:    Overwriting math alphabet `\mathsf' in version `bold'
(Font)                  OT1/cmss/bx/n --> OT1/lmss/bx/n on input line 36.
LaTeX Font Info:    Overwriting math alphabet `\mathit' in version `bold'
(Font)                  OT1/cmr/bx/it --> OT1/lmr/bx/it on input line 37.
LaTeX Font Info:    Overwriting math alphabet `\mathtt' in version `bold'
(Font)                  OT1/cmtt/m/n --> OT1/lmtt/m/n on input line 38.
)
(C:\Users\gilmar.souza\scoop\apps\latex\current\texmfs\install\tex/latex/geomet
ry\geometry.sty
Package: geometry 2026/03/07 v6.0 Page Geometry

(C:\Users\gilmar.souza\scoop\apps\latex\current\texmfs\install\tex/latex/graphi
cs\keyval.sty
Package: keyval 2022/05/29 v1.15 key=value parser (DPC)
\KV@toks@=\toks17
)
(C:\Users\gilmar.souza\scoop\apps\latex\current\texmfs\install\tex/generic/ifte
x\ifvtex.sty
Package: ifvtex 2019/10/25 v1.7 ifvtex legacy package. Use iftex instead.

(C:\Users\gilmar.souza\scoop\apps\latex\current\texmfs\install\tex/generic/ifte
x\iftex.sty
Package: iftex 2024/12/12 v1.0g TeX engine tests
))
\Gm@cnth=\count283
\Gm@cntv=\count284
\c@Gm@tempcnt=\count285
\Gm@bindingoffset=\dimen149
\Gm@wd@mp=\dimen150
\Gm@odd@mp=\dimen151
\Gm@even@mp=\dimen152
\Gm@layoutwidth=\dimen153
\Gm@layoutheight=\dimen154
\Gm@layouthoffset=\dimen155
\Gm@layoutvoffset=\dimen156
\Gm@dimlist=\toks18

(C:\Users\gilmar.souza\scoop\apps\latex\current\texmfs\install\tex/latex/geomet
ry\geometry.cfg))
(C:\Users\gilmar.souza\scoop\apps\latex\current\texmfs\install\tex/latex/amsmat
h\amsmath.sty
Package: amsmath 2025/07/09 v2.17z AMS math features
\@mathmargin=\skip51

For additional information on amsmath, use the `?' option.

(C:\Users\gilmar.souza\scoop\apps\latex\current\texmfs\install\tex/latex/amsmat
h\amstext.sty
Package: amstext 2024/11/17 v2.01 AMS text

(C:\Users\gilmar.souza\scoop\apps\latex\current\texmfs\install\tex/latex/amsmat
h\amsgen.sty
File: amsgen.sty 1999/11/30 v2.0 generic functions
\@emptytoks=\toks19
\ex@=\dimen157
))
(C:\Users\gilmar.souza\scoop\apps\latex\current\texmfs\install\tex/latex/amsmat
h\amsbsy.sty
Package: amsbsy 1999/11/29 v1.2d Bold Symbols
\pmbraise@=\dimen158
)
(C:\Users\gilmar.souza\scoop\apps\latex\current\texmfs\install\tex/latex/amsmat
h\amsopn.sty
Package: amsopn 2022/04/08 v2.04 operator names
)
\inf@bad=\count286
LaTeX Info: Redefining \frac on input line 233.
\uproot@=\count287
\leftroot@=\count288
LaTeX Info: Redefining \overline on input line 398.
LaTeX Info: Redefining \colon on input line 409.
\classnum@=\count289
\DOTSCASE@=\count290
LaTeX Info: Redefining \ldots on input line 495.
LaTeX Info: Redefining \dots on input line 498.
LaTeX Info: Redefining \cdots on input line 619.
\Mathstrutbox@=\box53
\strutbox@=\box54
LaTeX Info: Redefining \big on input line 721.
LaTeX Info: Redefining \Big on input line 722.
LaTeX Info: Redefining \bigg on input line 723.
LaTeX Info: Redefining \Bigg on input line 724.
\big@size=\dimen159
LaTeX Font Info:    Redeclaring font encoding OML on input line 742.
LaTeX Font Info:    Redeclaring font encoding OMS on input line 743.
\macc@depth=\count291
LaTeX Info: Redefining \bmod on input line 904.
LaTeX Info: Redefining \pmod on input line 909.
LaTeX Info: Redefining \smash on input line 939.
LaTeX Info: Redefining \relbar on input line 969.
LaTeX Info: Redefining \Relbar on input line 970.
\c@MaxMatrixCols=\count292
\dotsspace@=\muskip17
\c@parentequation=\count293
\dspbrk@lvl=\count294
\tag@help=\toks20
\row@=\count295
\column@=\count296
\maxfields@=\count297
\andhelp@=\toks21
\eqnshift@=\dimen160
\alignsep@=\dimen161
\tagshift@=\dimen162
\tagwidth@=\dimen163
\totwidth@=\dimen164
\lineht@=\dimen165
\@envbody=\toks22
\multlinegap=\skip52
\multlinetaggap=\skip53
\mathdisplay@stack=\toks23
LaTeX Info: Redefining \[ on input line 2950.
LaTeX Info: Redefining \] on input line 2951.
)
(C:\Users\gilmar.souza\scoop\apps\latex\current\texmfs\install\tex/latex/amsfon
ts\amssymb.sty
Package: amssymb 2013/01/14 v3.01 AMS font symbols

(C:\Users\gilmar.souza\scoop\apps\latex\current\texmfs\install\tex/latex/amsfon
ts\amsfonts.sty
Package: amsfonts 2013/01/14 v3.01 Basic AMSFonts support
\symAMSa=\mathgroup4
\symAMSb=\mathgroup5
LaTeX Font Info:    Redeclaring math symbol \hbar on input line 98.
LaTeX Font Info:    Overwriting math alphabet `\mathfrak' in version `bold'
(Font)                  U/euf/m/n --> U/euf/b/n on input line 106.
))
(C:\Users\gilmar.souza\scoop\apps\latex\current\texmfs\install\tex/latex/graphi
cs\graphicx.sty
Package: graphicx 2024/12/31 v1.2e Enhanced LaTeX Graphics (DPC,SPQR)

(C:\Users\gilmar.souza\scoop\apps\latex\current\texmfs\install\tex/latex/graphi
cs\graphics.sty
Package: graphics 2024/08/06 v1.4g Standard LaTeX Graphics (DPC,SPQR)

(C:\Users\gilmar.souza\scoop\apps\latex\current\texmfs\install\tex/latex/graphi
cs\trig.sty
Package: trig 2023/12/02 v1.11 sin cos tan (DPC)
)
(C:\Users\gilmar.souza\scoop\apps\latex\current\texmfs\install\tex/latex/graphi
cs-cfg\graphics.cfg
File: graphics.cfg 2016/06/04 v1.11 sample graphics configuration
)
Package graphics Info: Driver file: pdftex.def on input line 106.

(C:\Users\gilmar.souza\scoop\apps\latex\current\texmfs\install\tex/latex/graphi
cs-def\pdftex.def
File: pdftex.def 2025/09/29 v1.2d Graphics/color driver for pdftex
))
\Gin@req@height=\dimen166
\Gin@req@width=\dimen167
)
(C:\Users\gilmar.souza\scoop\apps\latex\current\texmfs\install\tex/latex/bookta
bs\booktabs.sty
Package: booktabs 2020/01/12 v1.61803398 Publication quality tables
\heavyrulewidth=\dimen168
\lightrulewidth=\dimen169
\cmidrulewidth=\dimen170
\belowrulesep=\dimen171
\belowbottomsep=\dimen172
\aboverulesep=\dimen173
\abovetopsep=\dimen174
\cmidrulesep=\dimen175
\cmidrulekern=\dimen176
\defaultaddspace=\dimen177
\@cmidla=\count298
\@cmidlb=\count299
\@aboverulesep=\dimen178
\@belowrulesep=\dimen179
\@thisruleclass=\count300
\@lastruleclass=\count301
\@thisrulewidth=\dimen180
)
(C:\Users\gilmar.souza\scoop\apps\latex\current\texmfs\install\tex/latex/captio
n\caption.sty
Package: caption 2023/08/05 v3.6o Customizing captions (AR)

(C:\Users\gilmar.souza\scoop\apps\latex\current\texmfs\install\tex/latex/captio
n\caption3.sty
Package: caption3 2023/07/31 v2.4d caption3 kernel (AR)
\caption@tempdima=\dimen181
\captionmargin=\dimen182
\caption@leftmargin=\dimen183
\caption@rightmargin=\dimen184
\caption@width=\dimen185
\caption@indent=\dimen186
\caption@parindent=\dimen187
\caption@hangindent=\dimen188
Package caption Info: Standard document class detected.
)
\c@caption@flags=\count302
\c@continuedfloat=\count303
)
(C:\Users\gilmar.souza\scoop\apps\latex\current\texmfs\install\tex/latex/captio
n\subcaption.sty
Package: subcaption 2023/07/28 v1.6b Sub-captions (AR)
Package caption Info: New subtype `subfigure' on input line 238.
\c@subfigure=\count304
Package caption Info: New subtype `subtable' on input line 238.
\c@subtable=\count305
)
(C:\Users\gilmar.souza\scoop\apps\latex\current\texmfs\install\tex/latex/float\
float.sty
Package: float 2001/11/08 v1.3d Float enhancements (AL)
\c@float@type=\count306
\float@exts=\toks24
\float@box=\box55
\@float@everytoks=\toks25
\@floatcapt=\box56
)
(C:\Users\gilmar.souza\scoop\apps\latex\current\texmfs\install\tex/latex/siunit
x\siunitx.sty
Package: siunitx 2026-05-15 v3.5.5 A comprehensive (SI) units package
\l__siunitx_number_uncert_offset_int=\count307
\l__siunitx_number_exponent_fixed_int=\count308
\l__siunitx_number_min_decimal_int=\count309
\l__siunitx_number_min_integer_int=\count310
\l__siunitx_number_round_precision_int=\count311
\l__siunitx_number_lower_threshold_int=\count312
\l__siunitx_number_upper_threshold_int=\count313
\l__siunitx_number_group_first_int=\count314
\l__siunitx_number_group_size_int=\count315
\l__siunitx_number_group_min_int=\count316
\l__siunitx_number_group_minimum_int=\count317
\l__siunitx_compound_count_int=\count318

(C:\Users\gilmar.souza\scoop\apps\latex\current\texmfs\install\tex/latex/transl
ations\translations.sty
Package: translations 2022/02/05 v1.12 internationalization of LaTeX2e packages
 (CN)

(C:\Users\gilmar.souza\scoop\apps\latex\current\texmfs\install\tex/latex/etoolb
ox\etoolbox.sty
Package: etoolbox 2025/10/02 v2.5m e-TeX tools for LaTeX (JAW)
\etb@tempcnta=\count319
)
(C:\Users\gilmar.souza\scoop\apps\latex\current\texmfs\install\tex/generic/pdft
excmds\pdftexcmds.sty
Package: pdftexcmds 2020-06-27 v0.33 Utility functions of pdfTeX for LuaTeX (HO
)

(C:\Users\gilmar.souza\scoop\apps\latex\current\texmfs\install\tex/generic/infw
arerr\infwarerr.sty
Package: infwarerr 2019/12/03 v1.5 Providing info/warning/error messages (HO)
)
(C:\Users\gilmar.souza\scoop\apps\latex\current\texmfs\install\tex/generic/ltxc
mds\ltxcmds.sty
Package: ltxcmds 2023-12-04 v1.26 LaTeX kernel commands for general use (HO)
)
Package pdftexcmds Info: \pdf@primitive is available.
Package pdftexcmds Info: \pdf@ifprimitive is available.
Package pdftexcmds Info: \pdfdraftmode found.
))
\l__siunitx_table_tmp_box=\box57
\l__siunitx_table_tmp_dim=\dimen189
\l__siunitx_table_column_width_dim=\dimen190
\l__siunitx_table_integer_box=\box58
\l__siunitx_table_decimal_box=\box59
\l__siunitx_table_uncert_box=\box60
\l__siunitx_table_before_box=\box61
\l__siunitx_table_after_box=\box62
\l__siunitx_table_before_dim=\dimen191
\l__siunitx_table_carry_dim=\dimen192
\l__siunitx_unit_tmp_int=\count320
\l__siunitx_unit_position_int=\count321
\l__siunitx_unit_total_int=\count322
\l__siunitx_sexagesimal_tmp_dim=\dimen193
\l__siunitx_sexagesimal_marker_box=\box63
\l__siunitx_sexagesimal_unit_box=\box64

(C:\Users\gilmar.souza\scoop\apps\latex\current\texmfs\install\tex/latex/tools\
array.sty
Package: array 2025/09/25 v2.6n Tabular extension package (FMi)
\col@sep=\dimen194
\ar@mcellbox=\box65
\extrarowheight=\dimen195
\NC@list=\toks26
\extratabsurround=\skip54
\backup@length=\skip55
\ar@cellbox=\box66
))
(C:\Users\gilmar.souza\scoop\apps\latex\current\texmfs\install\tex/latex/xcolor
\xcolor.sty
Package: xcolor 2024/09/29 v3.02 LaTeX color extensions (UK)

(C:\Users\gilmar.souza\scoop\apps\latex\current\texmfs\install\tex/latex/graphi
cs-cfg\color.cfg
File: color.cfg 2016/01/02 v1.6 sample color configuration
)
Package xcolor Info: Driver file: pdftex.def on input line 274.

(C:\Users\gilmar.souza\scoop\apps\latex\current\texmfs\install\tex/latex/graphi
cs\mathcolor.ltx)
Package xcolor Info: Model `cmy' substituted by `cmy0' on input line 1349.
Package xcolor Info: Model `hsb' substituted by `rgb' on input line 1353.
Package xcolor Info: Model `RGB' extended on input line 1365.
Package xcolor Info: Model `HTML' substituted by `rgb' on input line 1367.
Package xcolor Info: Model `Hsb' substituted by `hsb' on input line 1368.
Package xcolor Info: Model `tHsb' substituted by `hsb' on input line 1369.
Package xcolor Info: Model `HSB' substituted by `hsb' on input line 1370.
Package xcolor Info: Model `Gray' substituted by `gray' on input line 1371.
Package xcolor Info: Model `wave' substituted by `hsb' on input line 1372.
)
(C:\Users\gilmar.souza\scoop\apps\latex\current\texmfs\install\tex/latex/colort
bl\colortbl.sty
Package: colortbl 2026/05/01 v1.0l Color table columns (DPC)
\everycr=\toks27
\minrowclearance=\skip56
\rownum=\count323
)
(C:\Users\gilmar.souza\scoop\apps\latex\current\texmfs\install\tex/latex/microt
ype\microtype.sty
Package: microtype 2026/03/01 v3.2d Micro-typographical refinements (RS)
\MT@toks=\toks28
\MT@tempbox=\box67
\MT@count=\count324
LaTeX Info: Redefining \noprotrusionifhmode on input line 1084.
LaTeX Info: Redefining \leftprotrusion on input line 1085.
\MT@prot@toks=\toks29
LaTeX Info: Redefining \rightprotrusion on input line 1104.
LaTeX Info: Redefining \textls on input line 1449.
\MT@outer@kern=\dimen196
LaTeX Info: Redefining \microtypecontext on input line 2053.
LaTeX Info: Redefining \textmicrotypecontext on input line 2070.
\MT@listname@count=\count325

(C:\Users\gilmar.souza\scoop\apps\latex\current\texmfs\install\tex/latex/microt
ype\microtype-pdftex.def
File: microtype-pdftex.def 2026/03/01 v3.2d Definitions specific to pdftex (RS)

LaTeX Info: Redefining \lsstyle on input line 944.
LaTeX Info: Redefining \lslig on input line 944.
\MT@outer@space=\skip57
)
Package microtype Info: Loading configuration file microtype.cfg.

(C:\Users\gilmar.souza\scoop\apps\latex\current\texmfs\install\tex/latex/microt
ype\microtype.cfg
File: microtype.cfg 2026/03/01 v3.2d microtype main configuration file (RS)
)
LaTeX Info: Redefining \microtypesetup on input line 3065.
)
(C:\Users\gilmar.souza\scoop\apps\latex\current\texmfs\install\tex/latex/hyperr
ef\hyperref.sty
Package: hyperref 2025-07-12 v7.01o Hypertext links for LaTeX

(C:\Users\gilmar.souza\scoop\apps\latex\current\texmfs\install\tex/latex/kvsetk
eys\kvsetkeys.sty
Package: kvsetkeys 2022-10-05 v1.19 Key value parser (HO)
)
(C:\Users\gilmar.souza\scoop\apps\latex\current\texmfs\install\tex/generic/kvde
finekeys\kvdefinekeys.sty
Package: kvdefinekeys 2019-12-19 v1.6 Define keys (HO)
)
(C:\Users\gilmar.souza\scoop\apps\latex\current\texmfs\install\tex/generic/pdfe
scape\pdfescape.sty
Package: pdfescape 2019/12/09 v1.15 Implements pdfTeX's escape features (HO)
)
(C:\Users\gilmar.souza\scoop\apps\latex\current\texmfs\install\tex/latex/hycolo
r\hycolor.sty
Package: hycolor 2020-01-27 v1.10 Color options for hyperref/bookmark (HO)
)
(C:\Users\gilmar.souza\scoop\apps\latex\current\texmfs\install\tex/latex/hyperr
ef\nameref.sty
Package: nameref 2025-06-21 v2.57 Cross-referencing by name of section

(C:\Users\gilmar.souza\scoop\apps\latex\current\texmfs\install\tex/latex/refcou
nt\refcount.sty
Package: refcount 2019/12/15 v3.6 Data extraction from label references (HO)
)
(C:\Users\gilmar.souza\scoop\apps\latex\current\texmfs\install\tex/generic/gett
itlestring\gettitlestring.sty
Package: gettitlestring 2019/12/15 v1.6 Cleanup title references (HO)

(C:\Users\gilmar.souza\scoop\apps\latex\current\texmfs\install\tex/latex/kvopti
ons\kvoptions.sty
Package: kvoptions 2022-06-15 v3.15 Key value format for package options (HO)
))
\c@section@level=\count326
)
(C:\Users\gilmar.souza\scoop\apps\latex\current\texmfs\install\tex/generic/stri
ngenc\stringenc.sty
Package: stringenc 2019/11/29 v1.12 Convert strings between diff. encodings (HO
)
)
\@linkdim=\dimen197
\Hy@linkcounter=\count327
\Hy@pagecounter=\count328

(C:\Users\gilmar.souza\scoop\apps\latex\current\texmfs\install\tex/latex/hyperr
ef\pd1enc.def
File: pd1enc.def 2025-07-12 v7.01o Hyperref: PDFDocEncoding definition (HO)
Now handling font encoding PD1 ...
... no UTF-8 mapping file for font encoding PD1
)
(C:\Users\gilmar.souza\scoop\apps\latex\current\texmfs\install\tex/generic/intc
alc\intcalc.sty
Package: intcalc 2019/12/15 v1.3 Expandable calculations with integers (HO)
)
\Hy@SavedSpaceFactor=\count329

(C:\Users\gilmar.souza\scoop\apps\latex\current\texmfs\install\tex/latex/hyperr
ef\puenc.def
File: puenc.def 2025-07-12 v7.01o Hyperref: PDF Unicode definition (HO)
Now handling font encoding PU ...
... no UTF-8 mapping file for font encoding PU
)
Package hyperref Info: Option `colorlinks' set `true' on input line 4066.
Package hyperref Info: Hyper figures OFF on input line 4195.
Package hyperref Info: Link nesting OFF on input line 4200.
Package hyperref Info: Hyper index ON on input line 4203.
Package hyperref Info: Plain pages OFF on input line 4210.
Package hyperref Info: Backreferencing OFF on input line 4215.
Package hyperref Info: Implicit mode ON; LaTeX internals redefined.
Package hyperref Info: Bookmarks ON on input line 4462.
\c@Hy@tempcnt=\count330

(C:\Users\gilmar.souza\scoop\apps\latex\current\texmfs\install\tex/latex/url\ur
l.sty
\Urlmuskip=\muskip18
Package: url 2013/09/16  ver 3.4  Verb mode for urls, etc.
)
LaTeX Info: Redefining \url on input line 4801.
\XeTeXLinkMargin=\dimen198

(C:\Users\gilmar.souza\scoop\apps\latex\current\texmfs\install\tex/generic/bits
et\bitset.sty
Package: bitset 2019/12/09 v1.3 Handle bit-vector datatype (HO)

(C:\Users\gilmar.souza\scoop\apps\latex\current\texmfs\install\tex/generic/bigi
ntcalc\bigintcalc.sty
Package: bigintcalc 2019/12/15 v1.5 Expandable calculations on big integers (HO
)
))
\Fld@menulength=\count331
\Field@Width=\dimen199
\Fld@charsize=\dimen256
Package hyperref Info: Hyper figures OFF on input line 6078.
Package hyperref Info: Link nesting OFF on input line 6083.
Package hyperref Info: Hyper index ON on input line 6086.
Package hyperref Info: backreferencing OFF on input line 6093.
Package hyperref Info: Link coloring ON on input line 6096.
Package hyperref Info: Link coloring with OCG OFF on input line 6103.
Package hyperref Info: PDF/A mode OFF on input line 6108.
\Hy@abspage=\count332
\c@Item=\count333
\c@Hfootnote=\count334
)
Package hyperref Info: Driver (autodetected): hpdftex.

(C:\Users\gilmar.souza\scoop\apps\latex\current\texmfs\install\tex/latex/hyperr
ef\hpdftex.def
File: hpdftex.def 2025-07-12 v7.01o Hyperref driver for pdfTeX
\Fld@listcount=\count335
\c@bookmark@seq@number=\count336

(C:\Users\gilmar.souza\scoop\apps\latex\current\texmfs\install\tex/latex/rerunf
ilecheck\rerunfilecheck.sty
Package: rerunfilecheck 2025-06-21 v1.11 Rerun checks for auxiliary files (HO)

(C:\Users\gilmar.souza\scoop\apps\latex\current\texmfs\install\tex/generic/uniq
uecounter\uniquecounter.sty
Package: uniquecounter 2019/12/15 v1.4 Provide unlimited unique counter (HO)
)
Package uniquecounter Info: New unique counter `rerunfilecheck' on input line 2
84.
)
\Hy@SectionHShift=\skip58
)
(C:\Users\gilmar.souza\scoop\apps\latex\current\texmfs\install\tex/latex/prepri
nt\authblk.sty
Package: authblk 2001/02/27 1.3 (PWD)
\affilsep=\skip59
\@affilsep=\skip60
\c@Maxaffil=\count337
\c@authors=\count338
\c@affil=\count339
)
(C:\Users\gilmar.souza\scoop\apps\latex\current\texmfs\install\tex/latex/natbib
\natbib.sty
Package: natbib 2010/09/13 8.31b (PWD, AO)
\bibhang=\skip61
\bibsep=\skip62
LaTeX Info: Redefining \cite on input line 694.
\c@NAT@ctr=\count340
)
Package translations Info: No language package found. I am going to use `englis
h' as default language. on input line 43.
LaTeX Font Info:    Trying to load font information for T1+lmr on input line 43
.

(C:\Users\gilmar.souza\scoop\apps\latex\current\texmfs\install\tex/latex/lm\t1l
mr.fd
File: t1lmr.fd 2015/05/01 v1.6.1 Font defs for Latin Modern
)
(C:\Users\gilmar.souza\scoop\apps\latex\current\texmfs\install\tex/latex/l3back
end\l3backend-pdftex.def
File: l3backend-pdftex.def 2025-10-09 L3 backend support: PDF output (pdfTeX)
\l__color_backend_stack_int=\count341
) (report.aux)
\openout1 = `report.aux'.

LaTeX Font Info:    Checking defaults for OML/cmm/m/it on input line 43.
LaTeX Font Info:    ... okay on input line 43.
LaTeX Font Info:    Checking defaults for OMS/cmsy/m/n on input line 43.
LaTeX Font Info:    ... okay on input line 43.
LaTeX Font Info:    Checking defaults for OT1/cmr/m/n on input line 43.
LaTeX Font Info:    ... okay on input line 43.
LaTeX Font Info:    Checking defaults for T1/cmr/m/n on input line 43.
LaTeX Font Info:    ... okay on input line 43.
LaTeX Font Info:    Checking defaults for TS1/cmr/m/n on input line 43.
LaTeX Font Info:    ... okay on input line 43.
LaTeX Font Info:    Checking defaults for OMX/cmex/m/n on input line 43.
LaTeX Font Info:    ... okay on input line 43.
LaTeX Font Info:    Checking defaults for U/cmr/m/n on input line 43.
LaTeX Font Info:    ... okay on input line 43.
LaTeX Font Info:    Checking defaults for PD1/pdf/m/n on input line 43.
LaTeX Font Info:    ... okay on input line 43.
LaTeX Font Info:    Checking defaults for PU/pdf/m/n on input line 43.
LaTeX Font Info:    ... okay on input line 43.

*geometry* driver: auto-detecting
*geometry* detected driver: pdftex
*geometry* verbose mode - [ preamble ] result:
* driver: pdftex
* paper: a4paper
* layout: <same size as paper>
* layoutoffset:(h,v)=(0.0pt,0.0pt)
* modes: 
* h-part:(L,W,R)=(71.13188pt, 455.24411pt, 71.13188pt)
* v-part:(T,H,B)=(71.13188pt, 702.78308pt, 71.13188pt)
* \paperwidth=597.50787pt
* \paperheight=845.04684pt
* \textwidth=455.24411pt
* \textheight=702.78308pt
* \oddsidemargin=-1.1381pt
* \evensidemargin=-1.1381pt
* \topmargin=-38.1381pt
* \headheight=12.0pt
* \headsep=25.0pt
* \topskip=11.0pt
* \footskip=30.0pt
* \marginparwidth=50.0pt
* \marginparsep=10.0pt
* \columnsep=10.0pt
* \skip\footins=10.0pt plus 4.0pt minus 2.0pt
* \hoffset=0.0pt
* \voffset=0.0pt
* \mag=1000
* \@twocolumnfalse
* \@twosidefalse
* \@mparswitchfalse
* \@reversemarginfalse
* (1in=72.27pt=25.4mm, 1cm=28.453pt)


(C:\Users\gilmar.souza\scoop\apps\latex\current\texmfs\install\tex/context/base
/mkii\supp-pdf.mkii
[Loading MPS to PDF converter (version 2006.09.02).]
\scratchcounter=\count342
\scratchdimen=\dimen257
\scratchbox=\box68
\nofMPsegments=\count343
\nofMParguments=\count344
\everyMPshowfont=\toks30
\MPscratchCnt=\count345
\MPscratchDim=\dimen258
\MPnumerator=\count346
\makeMPintoPDFobject=\count347
\everyMPtoPDFconversion=\toks31
)
(C:\Users\gilmar.souza\scoop\apps\latex\current\texmfs\install\tex/latex/epstop
df-pkg\epstopdf-base.sty
Package: epstopdf-base 2020-01-24 v2.11 Base part for package epstopdf
Package epstopdf-base Info: Redefining graphics rule for `.eps' on input line 4
85.

(C:\Users\gilmar.souza\scoop\apps\latex\current\texmfs\install\tex/latex/00mikt
ex\epstopdf-sys.cfg
File: epstopdf-sys.cfg 2021/03/18 v2.0 Configuration of epstopdf for MiKTeX
))
Package caption Info: Begin \AtBeginDocument code.
Package caption Info: float package is loaded.
Package caption Info: hyperref package is loaded.
Package caption Info: End \AtBeginDocument code.

(C:\Users\gilmar.souza\scoop\apps\latex\current\texmfs\install\tex/latex/transl
ations/dicts\translations-basic-dictionary-english.trsl
File: translations-basic-dictionary-english.trsl (english translation file `tra
nslations-basic-dictionary')
)
Package translations Info: loading dictionary `translations-basic-dictionary' f
or `english'. on input line 43.
LaTeX Info: Redefining \microtypecontext on input line 43.
Package microtype Info: Applying patch `item' on input line 43.
Package microtype Info: Applying patch `toc' on input line 43.
Package microtype Info: Applying patch `eqnum' on input line 43.
Package microtype Info: Applying patch `footnote' on input line 43.
Package microtype Info: Applying patch `verbatim' on input line 43.
LaTeX Info: Redefining \microtypesetup on input line 43.
Package microtype Info: Generating PDF output.
Package microtype Info: Character protrusion enabled (level 2).
Package microtype Info: Using default protrusion set `alltext'.
Package microtype Info: Automatic font expansion enabled (level 2),
(microtype)             stretch: 20, shrink: 20, step: 1, non-selected.
Package microtype Info: Using default expansion set `alltext-nott'.
Package microtype Info: Patching command `\showhyphens'.
Package microtype Info: No adjustment of tracking.
Package microtype Info: No adjustment of interword spacing.
Package microtype Info: No adjustment of character kerning.

(C:\Users\gilmar.souza\scoop\apps\latex\current\texmfs\install\tex/latex/microt
ype\mt-cmr.cfg
File: mt-cmr.cfg 2013/05/19 v2.2 microtype config. file: Computer Modern Roman 
(RS)
)
Package hyperref Info: Link coloring ON on input line 43.
 (report.out) (report.out)
\@outlinefile=\write3
\openout3 = `report.out'.

LaTeX Font Info:    Trying to load font information for OT1+lmr on input line 5
2.

(C:\Users\gilmar.souza\scoop\apps\latex\current\texmfs\install\tex/latex/lm\ot1
lmr.fd
File: ot1lmr.fd 2015/05/01 v1.6.1 Font defs for Latin Modern
)
LaTeX Font Info:    Trying to load font information for OML+lmm on input line 5
2.

(C:\Users\gilmar.souza\scoop\apps\latex\current\texmfs\install\tex/latex/lm\oml
lmm.fd
File: omllmm.fd 2015/05/01 v1.6.1 Font defs for Latin Modern
)
LaTeX Font Info:    Trying to load font information for OMS+lmsy on input line 
52.

(C:\Users\gilmar.souza\scoop\apps\latex\current\texmfs\install\tex/latex/lm\oms
lmsy.fd
File: omslmsy.fd 2015/05/01 v1.6.1 Font defs for Latin Modern
)
LaTeX Font Info:    Trying to load font information for OMX+lmex on input line 
52.

(C:\Users\gilmar.souza\scoop\apps\latex\current\texmfs\install\tex/latex/lm\omx
lmex.fd
File: omxlmex.fd 2015/05/01 v1.6.1 Font defs for Latin Modern
)
LaTeX Font Info:    External font `lmex10' loaded for size
(Font)              <10> on input line 52.
LaTeX Font Info:    External font `lmex10' loaded for size
(Font)              <7> on input line 52.
LaTeX Font Info:    External font `lmex10' loaded for size
(Font)              <5> on input line 52.
LaTeX Font Info:    Trying to load font information for U+msa on input line 52.


(C:\Users\gilmar.souza\scoop\apps\latex\current\texmfs\install\tex/latex/amsfon
ts\umsa.fd
File: umsa.fd 2013/01/14 v3.01 AMS symbols A
)
(C:\Users\gilmar.souza\scoop\apps\latex\current\texmfs\install\tex/latex/microt
ype\mt-msa.cfg
File: mt-msa.cfg 2006/02/04 v1.1 microtype config. file: AMS symbols (a) (RS)
)
LaTeX Font Info:    Trying to load font information for U+msb on input line 52.


(C:\Users\gilmar.souza\scoop\apps\latex\current\texmfs\install\tex/latex/amsfon
ts\umsb.fd
File: umsb.fd 2013/01/14 v3.01 AMS symbols B
)
(C:\Users\gilmar.souza\scoop\apps\latex\current\texmfs\install\tex/latex/microt
ype\mt-msb.cfg
File: mt-msb.cfg 2005/06/01 v1.0 microtype config. file: AMS symbols (b) (RS)
)
Package microtype Info: Character `029' is missing
(microtype)             in font `T1/lmr/m/sc/10'.
(microtype)             Ignoring protrusion settings for this character.
 (report.toc
LaTeX Font Info:    External font `lmex10' loaded for size
(Font)              <10.95> on input line 3.
LaTeX Font Info:    External font `lmex10' loaded for size
(Font)              <8> on input line 3.
LaTeX Font Info:    External font `lmex10' loaded for size
(Font)              <6> on input line 3.
LaTeX Font Info:    Trying to load font information for T1+lmtt on input line 1
3.

(C:\Users\gilmar.souza\scoop\apps\latex\current\texmfs\install\tex/latex/lm\t1l
mtt.fd
File: t1lmtt.fd 2015/05/01 v1.6.1 Font defs for Latin Modern
)
Package microtype Info: Loading generic protrusion settings for font family
(microtype)             `lmtt' (encoding: T1).
(microtype)             For optimal results, create family-specific settings.
(microtype)             See the microtype manual for details.
 [1

{C:/Users/gilmar.souza/scoop/apps/latex/current/texmfs/data/fonts/map/pdftex/pd
ftex.map}{C:/Users/gilmar.souza/scoop/apps/latex/current/texmfs/install/fonts/e
nc/dvips/lm/lm-ec.enc}{C:/Users/gilmar.souza/scoop/apps/latex/current/texmfs/in
stall/fonts/enc/dvips/lm/lm-mathit.enc}{C:/Users/gilmar.souza/scoop/apps/latex/
current/texmfs/install/fonts/enc/dvips/lm/lm-rm.enc}{C:/Users/gilmar.souza/scoo
p/apps/latex/current/texmfs/install/fonts/enc/dvips/lm/lm-mathsy.enc}])
\tf@toc=\write4
\openout4 = `report.toc'.

 [2] [3{C:/Users/gilmar.souza/scoop/apps/latex/current/texmfs/install/fonts/enc
/dvips/lm/lm-mathex.enc}]
Package microtype Info: Character `029' is missing
(microtype)             in font `T1/lmr/m/sc/10.95'.
(microtype)             Ignoring protrusion settings for this character.
LaTeX Font Info:    External font `lmex10' loaded for size
(Font)              <12> on input line 182.


Package hyperref Warning: Token not allowed in a PDF string (Unicode):
(hyperref)                removing `math shift' on input line 182.


Package hyperref Warning: Token not allowed in a PDF string (Unicode):
(hyperref)                removing `math shift' on input line 182.

LaTeX Font Info:    Trying to load font information for TS1+lmr on input line 1
86.

(C:\Users\gilmar.souza\scoop\apps\latex\current\texmfs\install\tex/latex/lm\ts1
lmr.fd
File: ts1lmr.fd 2015/05/01 v1.6.1 Font defs for Latin Modern
) [4{C:/Users/gilmar.souza/scoop/apps/latex/current/texmfs/install/fonts/enc/dv
ips/lm/lm-ts1.enc}]

Package hyperref Warning: Token not allowed in a PDF string (Unicode):
(hyperref)                removing `math shift' on input line 222.


Package hyperref Warning: Token not allowed in a PDF string (Unicode):
(hyperref)                removing `subscript' on input line 222.


Package hyperref Warning: Token not allowed in a PDF string (Unicode):
(hyperref)                removing `math shift' on input line 222.


Package hyperref Warning: Token not allowed in a PDF string (Unicode):
(hyperref)                removing `math shift' on input line 231.


Package hyperref Warning: Token not allowed in a PDF string (Unicode):
(hyperref)                removing `subscript' on input line 231.


Package hyperref Warning: Token not allowed in a PDF string (Unicode):
(hyperref)                removing `superscript' on input line 231.


Package hyperref Warning: Token not allowed in a PDF string (Unicode):
(hyperref)                removing `math shift' on input line 231.

LaTeX Font Info:    External font `lmex10' loaded for size
(Font)              <9> on input line 293.
[5]
LaTeX Font Info:    Font shape `T1/lmtt/bx/n' in size <12> not available
(Font)              Font shape `T1/lmtt/b/n' tried instead on input line 301.


Package hyperref Warning: Token not allowed in a PDF string (Unicode):
(hyperref)                removing `math shift' on input line 301.


Package hyperref Warning: Token not allowed in a PDF string (Unicode):
(hyperref)                removing `subscript' on input line 301.


Package hyperref Warning: Token not allowed in a PDF string (Unicode):
(hyperref)                removing `math shift' on input line 301.

<figures/fig_dst_column.png, id=298, 551.78145pt x 376.5267pt>
File: figures/fig_dst_column.png Graphic file (type png)
<use figures/fig_dst_column.png>
Package pdftex.def Info: figures/fig_dst_column.png  used on input line 318.
(pdftex.def)             Requested size: 355.08984pt x 242.32066pt.
[6 <./figures/fig_dst_column.png (PNG copy)>]
<figures/fig_x0_anderson1_tvb.png, id=318, 738.96075pt x 353.76164pt>
File: figures/fig_x0_anderson1_tvb.png Graphic file (type png)
<use figures/fig_x0_anderson1_tvb.png>
Package pdftex.def Info: figures/fig_x0_anderson1_tvb.png  used on input line 3
42.
(pdftex.def)             Requested size: 418.82375pt x 200.50725pt.


Package hyperref Warning: Token not allowed in a PDF string (Unicode):
(hyperref)                removing `math shift' on input line 350.


Package hyperref Warning: Token not allowed in a PDF string (Unicode):
(hyperref)                removing `math shift' on input line 350.

[7 <./figures/fig_x0_anderson1_tvb.png (PNG copy)>]
<figures/fig_corr_mean_column.png, id=336, 535.5207pt x 488.90656pt>
File: figures/fig_corr_mean_column.png Graphic file (type png)
<use figures/fig_corr_mean_column.png>
Package pdftex.def Info: figures/fig_corr_mean_column.png  used on input line 3
89.
(pdftex.def)             Requested size: 300.46277pt x 274.31546pt.
 [8 <./figures/fig_corr_mean_column.png (PNG copy)>]
<figures/fig_susc_anderson2_column.png, id=348, 1178.36235pt x 475.17525pt>
File: figures/fig_susc_anderson2_column.png Graphic file (type png)
<use figures/fig_susc_anderson2_column.png>
Package pdftex.def Info: figures/fig_susc_anderson2_column.png  used on input l
ine 414.
(pdftex.def)             Requested size: 391.51021pt x 157.87415pt.
<figures/fig_region_susc_outliers.png, id=349, 542.025pt x 357.0138pt>
File: figures/fig_region_susc_outliers.png Graphic file (type png)
<use figures/fig_region_susc_outliers.png>
Package pdftex.def Info: figures/fig_region_susc_outliers.png  used on input li
ne 423.
(pdftex.def)             Requested size: 336.88313pt x 221.9019pt.
 [9 <./figures/fig_susc_anderson2_column.png (PNG copy)> <./figures/fig_region_
susc_outliers.png (PNG copy)>]
<figures/fig_lr_influence_outliers.png, id=360, 542.025pt x 357.0138pt>
File: figures/fig_lr_influence_outliers.png Graphic file (type png)
<use figures/fig_lr_influence_outliers.png>
Package pdftex.def Info: figures/fig_lr_influence_outliers.png  used on input l
ine 447.
(pdftex.def)             Requested size: 327.7763pt x 215.90411pt.
 [10 <./figures/fig_lr_influence_outliers.png (PNG copy)>] [11] (appendix_gener
ated.tex
<figures/appendix/D_st_cohort_column.png, id=376, 551.78145pt x 376.5267pt>
File: figures/appendix/D_st_cohort_column.png Graphic file (type png)
<use figures/appendix/D_st_cohort_column.png>
Package pdftex.def Info: figures/appendix/D_st_cohort_column.png  used on input
 line 12.
(pdftex.def)             Requested size: 145.68144pt x 99.41139pt.
<figures/appendix/D_st_cohort_parkes.png, id=377, 554.67226pt x 376.5267pt>
File: figures/appendix/D_st_cohort_parkes.png Graphic file (type png)
<use figures/appendix/D_st_cohort_parkes.png>
Package pdftex.def Info: figures/appendix/D_st_cohort_parkes.png  used on input
 line 16.
(pdftex.def)             Requested size: 145.68144pt x 98.89432pt.
<figures/appendix/D_st_cohort_tvb.png, id=378, 554.67226pt x 376.5267pt>
File: figures/appendix/D_st_cohort_tvb.png Graphic file (type png)
<use figures/appendix/D_st_cohort_tvb.png>
Package pdftex.def Info: figures/appendix/D_st_cohort_tvb.png  used on input li
ne 20.
(pdftex.def)             Requested size: 145.68144pt x 98.89432pt.
<figures/appendix/stabilityCentralities_Anderson_1_column_figure.png, id=379, 7
92.0792pt x 372.55185pt>
File: figures/appendix/stabilityCentralities_Anderson_1_column_figure.png Graph
ic file (type png)
<use figures/appendix/stabilityCentralities_Anderson_1_column_figure.png>
Package pdftex.def Info: figures/appendix/stabilityCentralities_Anderson_1_colu
mn_figure.png  used on input line 29.
(pdftex.def)             Requested size: 145.68144pt x 68.5174pt.
Package microtype Info: Character `029' is missing
(microtype)             in font `T1/lmr/m/sc/9'.
(microtype)             Ignoring protrusion settings for this character.
<figures/appendix/stabilityCentralities_Anderson_2_column_figure.png, id=380, 7
92.0792pt x 372.55185pt>
File: figures/appendix/stabilityCentralities_Anderson_2_column_figure.png Graph
ic file (type png)
<use figures/appendix/stabilityCentralities_Anderson_2_column_figure.png>
Package pdftex.def Info: figures/appendix/stabilityCentralities_Anderson_2_colu
mn_figure.png  used on input line 33.
(pdftex.def)             Requested size: 145.68144pt x 68.5174pt.
<figures/appendix/stabilityCentralities_Arnold_2_column_figure.png, id=381, 792
.0792pt x 372.55185pt>
File: figures/appendix/stabilityCentralities_Arnold_2_column_figure.png Graphic
 file (type png)
<use figures/appendix/stabilityCentralities_Arnold_2_column_figure.png>
Package pdftex.def Info: figures/appendix/stabilityCentralities_Arnold_2_column
_figure.png  used on input line 37.
(pdftex.def)             Requested size: 145.68144pt x 68.5174pt.
<figures/appendix/stabilityCentralities_Arnold_3_column_figure.png, id=382, 792
.0792pt x 372.55185pt>
File: figures/appendix/stabilityCentralities_Arnold_3_column_figure.png Graphic
 file (type png)
<use figures/appendix/stabilityCentralities_Arnold_3_column_figure.png>
Package pdftex.def Info: figures/appendix/stabilityCentralities_Arnold_3_column
_figure.png  used on input line 41.
(pdftex.def)             Requested size: 145.68144pt x 68.5174pt.
<figures/appendix/stabilityCentralities_Arnold_4_column_figure.png, id=383, 792
.0792pt x 372.55185pt>
File: figures/appendix/stabilityCentralities_Arnold_4_column_figure.png Graphic
 file (type png)
<use figures/appendix/stabilityCentralities_Arnold_4_column_figure.png>
Package pdftex.def Info: figures/appendix/stabilityCentralities_Arnold_4_column
_figure.png  used on input line 45.
(pdftex.def)             Requested size: 145.68144pt x 68.5174pt.
<figures/appendix/stabilityCentralities_Arnold_5_column_figure.png, id=384, 792
.0792pt x 372.55185pt>
File: figures/appendix/stabilityCentralities_Arnold_5_column_figure.png Graphic
 file (type png)
<use figures/appendix/stabilityCentralities_Arnold_5_column_figure.png>
Package pdftex.def Info: figures/appendix/stabilityCentralities_Arnold_5_column
_figure.png  used on input line 49.
(pdftex.def)             Requested size: 145.68144pt x 68.5174pt.
<figures/appendix/stabilityCentralities_summary_overview_column.png, id=385, 10
31.2929pt x 478.06606pt>
File: figures/appendix/stabilityCentralities_summary_overview_column.png Graphi
c file (type png)
<use figures/appendix/stabilityCentralities_summary_overview_column.png>
Package pdftex.def Info: figures/appendix/stabilityCentralities_summary_overvie
w_column.png  used on input line 55.
(pdftex.def)             Requested size: 364.19667pt x 168.82832pt.
 [12 <./figures/appendix/D_st_cohort_column.png (PNG copy)> <./figures/appendix
/D_st_cohort_parkes.png (PNG copy)> <./figures/appendix/D_st_cohort_tvb.png (PN
G copy)>]
<figures/appendix/stabilityCentralities_Anderson_1_parkes_figure.png, id=392, 5
08.41945pt x 369.2997pt>
File: figures/appendix/stabilityCentralities_Anderson_1_parkes_figure.png Graph
ic file (type png)
<use figures/appendix/stabilityCentralities_Anderson_1_parkes_figure.png>
Package pdftex.def Info: figures/appendix/stabilityCentralities_Anderson_1_park
es_figure.png  used on input line 61.
(pdftex.def)             Requested size: 145.68144pt x 105.82063pt.
<figures/appendix/stabilityCentralities_Anderson_2_parkes_figure.png, id=393, 5
14.20105pt x 369.2997pt>
File: figures/appendix/stabilityCentralities_Anderson_2_parkes_figure.png Graph
ic file (type png)
<use figures/appendix/stabilityCentralities_Anderson_2_parkes_figure.png>
Package pdftex.def Info: figures/appendix/stabilityCentralities_Anderson_2_park
es_figure.png  used on input line 65.
(pdftex.def)             Requested size: 145.68144pt x 104.626pt.
<figures/appendix/stabilityCentralities_Arnold_2_parkes_figure.png, id=394, 508
.41945pt x 369.2997pt>
File: figures/appendix/stabilityCentralities_Arnold_2_parkes_figure.png Graphic
 file (type png)
<use figures/appendix/stabilityCentralities_Arnold_2_parkes_figure.png>
Package pdftex.def Info: figures/appendix/stabilityCentralities_Arnold_2_parkes
_figure.png  used on input line 69.
(pdftex.def)             Requested size: 145.68144pt x 105.82063pt.
<figures/appendix/stabilityCentralities_Arnold_3_parkes_figure.png, id=395, 508
.41945pt x 369.2997pt>
File: figures/appendix/stabilityCentralities_Arnold_3_parkes_figure.png Graphic
 file (type png)
<use figures/appendix/stabilityCentralities_Arnold_3_parkes_figure.png>
Package pdftex.def Info: figures/appendix/stabilityCentralities_Arnold_3_parkes
_figure.png  used on input line 73.
(pdftex.def)             Requested size: 145.68144pt x 105.82063pt.
<figures/appendix/stabilityCentralities_Arnold_4_parkes_figure.png, id=396, 508
.41945pt x 369.2997pt>
File: figures/appendix/stabilityCentralities_Arnold_4_parkes_figure.png Graphic
 file (type png)
<use figures/appendix/stabilityCentralities_Arnold_4_parkes_figure.png>
Package pdftex.def Info: figures/appendix/stabilityCentralities_Arnold_4_parkes
_figure.png  used on input line 77.
(pdftex.def)             Requested size: 145.68144pt x 105.82063pt.
<figures/appendix/stabilityCentralities_Arnold_5_parkes_figure.png, id=397, 508
.41945pt x 369.2997pt>
File: figures/appendix/stabilityCentralities_Arnold_5_parkes_figure.png Graphic
 file (type png)
<use figures/appendix/stabilityCentralities_Arnold_5_parkes_figure.png>
Package pdftex.def Info: figures/appendix/stabilityCentralities_Arnold_5_parkes
_figure.png  used on input line 81.
(pdftex.def)             Requested size: 145.68144pt x 105.82063pt.
<figures/appendix/stabilityCentralities_summary_overview_parkes.png, id=398, 10
40.688pt x 477.34335pt>
File: figures/appendix/stabilityCentralities_summary_overview_parkes.png Graphi
c file (type png)
<use figures/appendix/stabilityCentralities_summary_overview_parkes.png>
Package pdftex.def Info: figures/appendix/stabilityCentralities_summary_overvie
w_parkes.png  used on input line 87.
(pdftex.def)             Requested size: 364.19667pt x 167.05081pt.

[13 <./figures/appendix/stabilityCentralities_Anderson_1_column_figure.png (PNG
 copy)> <./figures/appendix/stabilityCentralities_Anderson_2_column_figure.png 
(PNG copy)> <./figures/appendix/stabilityCentralities_Arnold_2_column_figure.pn
g (PNG copy)> <./figures/appendix/stabilityCentralities_Arnold_3_column_figure.
png (PNG copy)> <./figures/appendix/stabilityCentralities_Arnold_4_column_figur
e.png (PNG copy)> <./figures/appendix/stabilityCentralities_Arnold_5_column_fig
ure.png (PNG copy)> <./figures/appendix/stabilityCentralities_summary_overview_
column.png (PNG copy)>]
<figures/appendix/stabilityCentralities_Anderson_1_tvb_figure.png, id=406, 738.
96075pt x 353.76164pt>
File: figures/appendix/stabilityCentralities_Anderson_1_tvb_figure.png Graphic 
file (type png)
<use figures/appendix/stabilityCentralities_Anderson_1_tvb_figure.png>
Package pdftex.def Info: figures/appendix/stabilityCentralities_Anderson_1_tvb_
figure.png  used on input line 93.
(pdftex.def)             Requested size: 145.68144pt x 69.74165pt.
<figures/appendix/stabilityCentralities_Anderson_2_tvb_figure.png, id=407, 738.
96075pt x 353.76164pt>
File: figures/appendix/stabilityCentralities_Anderson_2_tvb_figure.png Graphic 
file (type png)
<use figures/appendix/stabilityCentralities_Anderson_2_tvb_figure.png>
Package pdftex.def Info: figures/appendix/stabilityCentralities_Anderson_2_tvb_
figure.png  used on input line 97.
(pdftex.def)             Requested size: 145.68144pt x 69.74165pt.
<figures/appendix/stabilityCentralities_Arnold_2_tvb_figure.png, id=408, 738.96
075pt x 353.76164pt>
File: figures/appendix/stabilityCentralities_Arnold_2_tvb_figure.png Graphic fi
le (type png)
<use figures/appendix/stabilityCentralities_Arnold_2_tvb_figure.png>
Package pdftex.def Info: figures/appendix/stabilityCentralities_Arnold_2_tvb_fi
gure.png  used on input line 101.
(pdftex.def)             Requested size: 145.68144pt x 69.74165pt.
<figures/appendix/stabilityCentralities_Arnold_3_tvb_figure.png, id=409, 738.96
075pt x 353.76164pt>
File: figures/appendix/stabilityCentralities_Arnold_3_tvb_figure.png Graphic fi
le (type png)
<use figures/appendix/stabilityCentralities_Arnold_3_tvb_figure.png>
Package pdftex.def Info: figures/appendix/stabilityCentralities_Arnold_3_tvb_fi
gure.png  used on input line 105.
(pdftex.def)             Requested size: 145.68144pt x 69.74165pt.
<figures/appendix/stabilityCentralities_Arnold_4_tvb_figure.png, id=410, 738.96
075pt x 353.76164pt>
File: figures/appendix/stabilityCentralities_Arnold_4_tvb_figure.png Graphic fi
le (type png)
<use figures/appendix/stabilityCentralities_Arnold_4_tvb_figure.png>
Package pdftex.def Info: figures/appendix/stabilityCentralities_Arnold_4_tvb_fi
gure.png  used on input line 109.
(pdftex.def)             Requested size: 145.68144pt x 69.74165pt.
<figures/appendix/stabilityCentralities_Arnold_5_tvb_figure.png, id=411, 738.96
075pt x 353.76164pt>
File: figures/appendix/stabilityCentralities_Arnold_5_tvb_figure.png Graphic fi
le (type png)
<use figures/appendix/stabilityCentralities_Arnold_5_tvb_figure.png>
Package pdftex.def Info: figures/appendix/stabilityCentralities_Arnold_5_tvb_fi
gure.png  used on input line 113.
(pdftex.def)             Requested size: 145.68144pt x 69.74165pt.
<figures/appendix/stabilityCentralities_summary_overview_tvb.png, id=412, 994.4
352pt x 477.7047pt>
File: figures/appendix/stabilityCentralities_summary_overview_tvb.png Graphic f
ile (type png)
<use figures/appendix/stabilityCentralities_summary_overview_tvb.png>
Package pdftex.def Info: figures/appendix/stabilityCentralities_summary_overvie
w_tvb.png  used on input line 119.
(pdftex.def)             Requested size: 364.19667pt x 174.95482pt.
 [14 <./figures/appendix/stabilityCentralities_Anderson_1_parkes_figure.png (PN
G copy)> <./figures/appendix/stabilityCentralities_Anderson_2_parkes_figure.png
 (PNG copy)> <./figures/appendix/stabilityCentralities_Arnold_2_parkes_figure.p
ng (PNG copy)> <./figures/appendix/stabilityCentralities_Arnold_3_parkes_figure
.png (PNG copy)> <./figures/appendix/stabilityCentralities_Arnold_4_parkes_figu
re.png (PNG copy)> <./figures/appendix/stabilityCentralities_Arnold_5_parkes_fi
gure.png (PNG copy)> <./figures/appendix/stabilityCentralities_summary_overview
_parkes.png (PNG copy)> <./figures/appendix/stabilityCentralities_Anderson_1_tv
b_figure.png (PNG copy)> <./figures/appendix/stabilityCentralities_Anderson_2_t
vb_figure.png (PNG copy)> <./figures/appendix/stabilityCentralities_Arnold_2_tv
b_figure.png (PNG copy)> <./figures/appendix/stabilityCentralities_Arnold_3_tvb
_figure.png (PNG copy)> <./figures/appendix/stabilityCentralities_Arnold_4_tvb_
figure.png (PNG copy)> <./figures/appendix/stabilityCentralities_Arnold_5_tvb_f
igure.png (PNG copy)>]
<figures/appendix/centrality_corr_mean_column.png, id=420, 535.5207pt x 488.906
56pt>
File: figures/appendix/centrality_corr_mean_column.png Graphic file (type png)
<use figures/appendix/centrality_corr_mean_column.png>
Package pdftex.def Info: figures/appendix/centrality_corr_mean_column.png  used
 on input line 126.
(pdftex.def)             Requested size: 218.51521pt x 199.49062pt.
<figures/appendix/centrality_corr_bars_column.png, id=421, 678.25395pt x 349.78
68pt>
File: figures/appendix/centrality_corr_bars_column.png Graphic file (type png)
<use figures/appendix/centrality_corr_bars_column.png>
Package pdftex.def Info: figures/appendix/centrality_corr_bars_column.png  used
 on input line 130.
(pdftex.def)             Requested size: 218.51521pt x 112.69196pt.
<figures/appendix/centrality_corr_Anderson_1_column.png, id=422, 535.5207pt x 4
93.96545pt>
File: figures/appendix/centrality_corr_Anderson_1_column.png Graphic file (type
 png)
<use figures/appendix/centrality_corr_Anderson_1_column.png>
Package pdftex.def Info: figures/appendix/centrality_corr_Anderson_1_column.png
  used on input line 137.
(pdftex.def)             Requested size: 145.68144pt x 134.37491pt.
<figures/appendix/centrality_corr_Anderson_2_column.png, id=423, 535.5207pt x 4
93.96545pt>
File: figures/appendix/centrality_corr_Anderson_2_column.png Graphic file (type
 png)
<use figures/appendix/centrality_corr_Anderson_2_column.png>
Package pdftex.def Info: figures/appendix/centrality_corr_Anderson_2_column.png
  used on input line 141.
(pdftex.def)             Requested size: 145.68144pt x 134.37491pt.
<figures/appendix/centrality_corr_Arnold_2_column.png, id=424, 535.5207pt x 493
.96545pt>
File: figures/appendix/centrality_corr_Arnold_2_column.png Graphic file (type p
ng)
<use figures/appendix/centrality_corr_Arnold_2_column.png>
Package pdftex.def Info: figures/appendix/centrality_corr_Arnold_2_column.png  
used on input line 145.
(pdftex.def)             Requested size: 145.68144pt x 134.37491pt.
<figures/appendix/centrality_corr_Arnold_3_column.png, id=425, 535.5207pt x 493
.96545pt>
File: figures/appendix/centrality_corr_Arnold_3_column.png Graphic file (type p
ng)
<use figures/appendix/centrality_corr_Arnold_3_column.png>
Package pdftex.def Info: figures/appendix/centrality_corr_Arnold_3_column.png  
used on input line 149.
(pdftex.def)             Requested size: 145.68144pt x 134.37491pt.
<figures/appendix/centrality_corr_Arnold_4_column.png, id=426, 535.5207pt x 493
.96545pt>
File: figures/appendix/centrality_corr_Arnold_4_column.png Graphic file (type p
ng)
<use figures/appendix/centrality_corr_Arnold_4_column.png>
Package pdftex.def Info: figures/appendix/centrality_corr_Arnold_4_column.png  
used on input line 153.
(pdftex.def)             Requested size: 145.68144pt x 134.37491pt.
<figures/appendix/centrality_corr_Arnold_5_column.png, id=427, 535.5207pt x 493
.96545pt>
File: figures/appendix/centrality_corr_Arnold_5_column.png Graphic file (type p
ng)
<use figures/appendix/centrality_corr_Arnold_5_column.png>
Package pdftex.def Info: figures/appendix/centrality_corr_Arnold_5_column.png  
used on input line 157.
(pdftex.def)             Requested size: 145.68144pt x 134.37491pt.
 [15 <./figures/appendix/stabilityCentralities_summary_overview_tvb.png (PNG co
py)> <./figures/appendix/centrality_corr_mean_column.png (PNG copy)> <./figures
/appendix/centrality_corr_bars_column.png (PNG copy)>]
<figures/appendix/centrality_corr_mean_parkes.png, id=434, 534.798pt x 487.8225
pt>
File: figures/appendix/centrality_corr_mean_parkes.png Graphic file (type png)
<use figures/appendix/centrality_corr_mean_parkes.png>
Package pdftex.def Info: figures/appendix/centrality_corr_mean_parkes.png  used
 on input line 165.
(pdftex.def)             Requested size: 218.51521pt x 199.3237pt.
<figures/appendix/centrality_corr_bars_parkes.png, id=435, 677.8926pt x 348.702
74pt>
File: figures/appendix/centrality_corr_bars_parkes.png Graphic file (type png)
<use figures/appendix/centrality_corr_bars_parkes.png>
Package pdftex.def Info: figures/appendix/centrality_corr_bars_parkes.png  used
 on input line 169.
(pdftex.def)             Requested size: 218.51521pt x 112.40123pt.
<figures/appendix/centrality_corr_Anderson_1_parkes.png, id=436, 534.798pt x 49
2.8814pt>
File: figures/appendix/centrality_corr_Anderson_1_parkes.png Graphic file (type
 png)
<use figures/appendix/centrality_corr_Anderson_1_parkes.png>
Package pdftex.def Info: figures/appendix/centrality_corr_Anderson_1_parkes.png
  used on input line 176.
(pdftex.def)             Requested size: 145.68144pt x 134.26051pt.
<figures/appendix/centrality_corr_Anderson_2_parkes.png, id=437, 534.798pt x 49
2.8814pt>
File: figures/appendix/centrality_corr_Anderson_2_parkes.png Graphic file (type
 png)
<use figures/appendix/centrality_corr_Anderson_2_parkes.png>
Package pdftex.def Info: figures/appendix/centrality_corr_Anderson_2_parkes.png
  used on input line 180.
(pdftex.def)             Requested size: 145.68144pt x 134.26051pt.
<figures/appendix/centrality_corr_Arnold_2_parkes.png, id=438, 534.798pt x 492.
8814pt>
File: figures/appendix/centrality_corr_Arnold_2_parkes.png Graphic file (type p
ng)
<use figures/appendix/centrality_corr_Arnold_2_parkes.png>
Package pdftex.def Info: figures/appendix/centrality_corr_Arnold_2_parkes.png  
used on input line 184.
(pdftex.def)             Requested size: 145.68144pt x 134.26051pt.
<figures/appendix/centrality_corr_Arnold_3_parkes.png, id=439, 534.798pt x 492.
8814pt>
File: figures/appendix/centrality_corr_Arnold_3_parkes.png Graphic file (type p
ng)
<use figures/appendix/centrality_corr_Arnold_3_parkes.png>
Package pdftex.def Info: figures/appendix/centrality_corr_Arnold_3_parkes.png  
used on input line 188.
(pdftex.def)             Requested size: 145.68144pt x 134.26051pt.
<figures/appendix/centrality_corr_Arnold_4_parkes.png, id=440, 534.798pt x 492.
8814pt>
File: figures/appendix/centrality_corr_Arnold_4_parkes.png Graphic file (type p
ng)
<use figures/appendix/centrality_corr_Arnold_4_parkes.png>
Package pdftex.def Info: figures/appendix/centrality_corr_Arnold_4_parkes.png  
used on input line 192.
(pdftex.def)             Requested size: 145.68144pt x 134.26051pt.
<figures/appendix/centrality_corr_Arnold_5_parkes.png, id=441, 534.798pt x 492.
8814pt>
File: figures/appendix/centrality_corr_Arnold_5_parkes.png Graphic file (type p
ng)
<use figures/appendix/centrality_corr_Arnold_5_parkes.png>
Package pdftex.def Info: figures/appendix/centrality_corr_Arnold_5_parkes.png  
used on input line 196.
(pdftex.def)             Requested size: 145.68144pt x 134.26051pt.
 [16 <./figures/appendix/centrality_corr_Anderson_1_column.png (PNG copy)> <./f
igures/appendix/centrality_corr_Anderson_2_column.png (PNG copy)> <./figures/ap
pendix/centrality_corr_Arnold_2_column.png (PNG copy)> <./figures/appendix/cent
rality_corr_Arnold_3_column.png (PNG copy)> <./figures/appendix/centrality_corr
_Arnold_4_column.png (PNG copy)> <./figures/appendix/centrality_corr_Arnold_5_c
olumn.png (PNG copy)> <./figures/appendix/centrality_corr_mean_parkes.png (PNG 
copy)> <./figures/appendix/centrality_corr_bars_parkes.png (PNG copy)>]
<figures/appendix/centrality_corr_mean_tvb.png, id=448, 534.798pt x 487.8225pt>

File: figures/appendix/centrality_corr_mean_tvb.png Graphic file (type png)
<use figures/appendix/centrality_corr_mean_tvb.png>
Package pdftex.def Info: figures/appendix/centrality_corr_mean_tvb.png  used on
 input line 204.
(pdftex.def)             Requested size: 218.51521pt x 199.3237pt.
<figures/appendix/centrality_corr_bars_tvb.png, id=449, 677.8926pt x 348.70274p
t>
File: figures/appendix/centrality_corr_bars_tvb.png Graphic file (type png)
<use figures/appendix/centrality_corr_bars_tvb.png>
Package pdftex.def Info: figures/appendix/centrality_corr_bars_tvb.png  used on
 input line 208.
(pdftex.def)             Requested size: 218.51521pt x 112.40123pt.
<figures/appendix/centrality_corr_Anderson_1_tvb.png, id=450, 534.798pt x 492.8
814pt>
File: figures/appendix/centrality_corr_Anderson_1_tvb.png Graphic file (type pn
g)
<use figures/appendix/centrality_corr_Anderson_1_tvb.png>
Package pdftex.def Info: figures/appendix/centrality_corr_Anderson_1_tvb.png  u
sed on input line 215.
(pdftex.def)             Requested size: 145.68144pt x 134.26051pt.
<figures/appendix/centrality_corr_Anderson_2_tvb.png, id=451, 534.798pt x 492.8
814pt>
File: figures/appendix/centrality_corr_Anderson_2_tvb.png Graphic file (type pn
g)
<use figures/appendix/centrality_corr_Anderson_2_tvb.png>
Package pdftex.def Info: figures/appendix/centrality_corr_Anderson_2_tvb.png  u
sed on input line 219.
(pdftex.def)             Requested size: 145.68144pt x 134.26051pt.
<figures/appendix/centrality_corr_Arnold_2_tvb.png, id=452, 534.798pt x 492.881
4pt>
File: figures/appendix/centrality_corr_Arnold_2_tvb.png Graphic file (type png)

<use figures/appendix/centrality_corr_Arnold_2_tvb.png>
Package pdftex.def Info: figures/appendix/centrality_corr_Arnold_2_tvb.png  use
d on input line 223.
(pdftex.def)             Requested size: 145.68144pt x 134.26051pt.
<figures/appendix/centrality_corr_Arnold_3_tvb.png, id=453, 534.798pt x 492.881
4pt>
File: figures/appendix/centrality_corr_Arnold_3_tvb.png Graphic file (type png)

<use figures/appendix/centrality_corr_Arnold_3_tvb.png>
Package pdftex.def Info: figures/appendix/centrality_corr_Arnold_3_tvb.png  use
d on input line 227.
(pdftex.def)             Requested size: 145.68144pt x 134.26051pt.
<figures/appendix/centrality_corr_Arnold_4_tvb.png, id=454, 534.798pt x 492.881
4pt>
File: figures/appendix/centrality_corr_Arnold_4_tvb.png Graphic file (type png)

<use figures/appendix/centrality_corr_Arnold_4_tvb.png>
Package pdftex.def Info: figures/appendix/centrality_corr_Arnold_4_tvb.png  use
d on input line 231.
(pdftex.def)             Requested size: 145.68144pt x 134.26051pt.
<figures/appendix/centrality_corr_Arnold_5_tvb.png, id=455, 534.798pt x 492.881
4pt>
File: figures/appendix/centrality_corr_Arnold_5_tvb.png Graphic file (type png)

<use figures/appendix/centrality_corr_Arnold_5_tvb.png>
Package pdftex.def Info: figures/appendix/centrality_corr_Arnold_5_tvb.png  use
d on input line 235.
(pdftex.def)             Requested size: 145.68144pt x 134.26051pt.
 [17 <./figures/appendix/centrality_corr_Anderson_1_parkes.png (PNG copy)> <./f
igures/appendix/centrality_corr_Anderson_2_parkes.png (PNG copy)> <./figures/ap
pendix/centrality_corr_Arnold_2_parkes.png (PNG copy)> <./figures/appendix/cent
rality_corr_Arnold_3_parkes.png (PNG copy)> <./figures/appendix/centrality_corr
_Arnold_4_parkes.png (PNG copy)> <./figures/appendix/centrality_corr_Arnold_5_p
arkes.png (PNG copy)> <./figures/appendix/centrality_corr_mean_tvb.png (PNG cop
y)> <./figures/appendix/centrality_corr_bars_tvb.png (PNG copy)>]
<figures/appendix/compare_anderson_vs_arnold_Anderson_1_column_D_to_i.png, id=4
62, 1178.36235pt x 475.17525pt>
File: figures/appendix/compare_anderson_vs_arnold_Anderson_1_column_D_to_i.png 
Graphic file (type png)
<use figures/appendix/compare_anderson_vs_arnold_Anderson_1_column_D_to_i.png>
Package pdftex.def Info: figures/appendix/compare_anderson_vs_arnold_Anderson_1
_column_D_to_i.png  used on input line 244.
(pdftex.def)             Requested size: 145.68144pt x 58.7442pt.
<figures/appendix/compare_anderson_vs_arnold_Anderson_1_column_D_k_to.png, id=4
63, 1172.58075pt x 475.17525pt>
File: figures/appendix/compare_anderson_vs_arnold_Anderson_1_column_D_k_to.png 
Graphic file (type png)
<use figures/appendix/compare_anderson_vs_arnold_Anderson_1_column_D_k_to.png>
Package pdftex.def Info: figures/appendix/compare_anderson_vs_arnold_Anderson_1
_column_D_k_to.png  used on input line 248.
(pdftex.def)             Requested size: 145.68144pt x 59.03423pt.
<figures/appendix/compare_anderson_vs_arnold_Anderson_1_column_BC.png, id=464, 
1178.7237pt x 475.17525pt>
File: figures/appendix/compare_anderson_vs_arnold_Anderson_1_column_BC.png Grap
hic file (type png)
<use figures/appendix/compare_anderson_vs_arnold_Anderson_1_column_BC.png>
Package pdftex.def Info: figures/appendix/compare_anderson_vs_arnold_Anderson_1
_column_BC.png  used on input line 252.
(pdftex.def)             Requested size: 145.68144pt x 58.72244pt.
<figures/appendix/compare_anderson_vs_arnold_Anderson_2_column_D_to_i.png, id=4
65, 1178.36235pt x 475.17525pt>
File: figures/appendix/compare_anderson_vs_arnold_Anderson_2_column_D_to_i.png 
Graphic file (type png)
<use figures/appendix/compare_anderson_vs_arnold_Anderson_2_column_D_to_i.png>
Package pdftex.def Info: figures/appendix/compare_anderson_vs_arnold_Anderson_2
_column_D_to_i.png  used on input line 256.
(pdftex.def)             Requested size: 145.68144pt x 58.7442pt.
<figures/appendix/compare_anderson_vs_arnold_Anderson_2_column_D_k_to.png, id=4
66, 1172.58075pt x 475.17525pt>
File: figures/appendix/compare_anderson_vs_arnold_Anderson_2_column_D_k_to.png 
Graphic file (type png)
<use figures/appendix/compare_anderson_vs_arnold_Anderson_2_column_D_k_to.png>
Package pdftex.def Info: figures/appendix/compare_anderson_vs_arnold_Anderson_2
_column_D_k_to.png  used on input line 260.
(pdftex.def)             Requested size: 145.68144pt x 59.03423pt.
<figures/appendix/compare_anderson_vs_arnold_Anderson_2_column_BC.png, id=467, 
1178.7237pt x 475.17525pt>
File: figures/appendix/compare_anderson_vs_arnold_Anderson_2_column_BC.png Grap
hic file (type png)
<use figures/appendix/compare_anderson_vs_arnold_Anderson_2_column_BC.png>
Package pdftex.def Info: figures/appendix/compare_anderson_vs_arnold_Anderson_2
_column_BC.png  used on input line 264.
(pdftex.def)             Requested size: 145.68144pt x 58.72244pt.
<figures/appendix/compare_anderson_vs_arnold_Anderson_1_parkes_D_to_i.png, id=4
68, 1180.53046pt x 474.45255pt>
File: figures/appendix/compare_anderson_vs_arnold_Anderson_1_parkes_D_to_i.png 
Graphic file (type png)
<use figures/appendix/compare_anderson_vs_arnold_Anderson_1_parkes_D_to_i.png>
Package pdftex.def Info: figures/appendix/compare_anderson_vs_arnold_Anderson_1
_parkes_D_to_i.png  used on input line 272.
(pdftex.def)             Requested size: 145.68144pt x 58.54626pt.
<figures/appendix/compare_anderson_vs_arnold_Anderson_1_parkes_D_k_to.png, id=4
69, 1180.53046pt x 474.45255pt>
File: figures/appendix/compare_anderson_vs_arnold_Anderson_1_parkes_D_k_to.png 
Graphic file (type png)
<use figures/appendix/compare_anderson_vs_arnold_Anderson_1_parkes_D_k_to.png>
Package pdftex.def Info: figures/appendix/compare_anderson_vs_arnold_Anderson_1
_parkes_D_k_to.png  used on input line 276.
(pdftex.def)             Requested size: 145.68144pt x 58.54626pt.
<figures/appendix/compare_anderson_vs_arnold_Anderson_1_parkes_BC.png, id=470, 
1180.53046pt x 474.45255pt>
File: figures/appendix/compare_anderson_vs_arnold_Anderson_1_parkes_BC.png Grap
hic file (type png)
<use figures/appendix/compare_anderson_vs_arnold_Anderson_1_parkes_BC.png>
Package pdftex.def Info: figures/appendix/compare_anderson_vs_arnold_Anderson_1
_parkes_BC.png  used on input line 280.
(pdftex.def)             Requested size: 145.68144pt x 58.54626pt.
<figures/appendix/compare_anderson_vs_arnold_Anderson_2_parkes_D_to_i.png, id=4
71, 1186.31206pt x 474.45255pt>
File: figures/appendix/compare_anderson_vs_arnold_Anderson_2_parkes_D_to_i.png 
Graphic file (type png)
<use figures/appendix/compare_anderson_vs_arnold_Anderson_2_parkes_D_to_i.png>
Package pdftex.def Info: figures/appendix/compare_anderson_vs_arnold_Anderson_2
_parkes_D_to_i.png  used on input line 284.
(pdftex.def)             Requested size: 145.68144pt x 58.26392pt.
<figures/appendix/compare_anderson_vs_arnold_Anderson_2_parkes_D_k_to.png, id=4
72, 1186.31206pt x 474.45255pt>
File: figures/appendix/compare_anderson_vs_arnold_Anderson_2_parkes_D_k_to.png 
Graphic file (type png)
<use figures/appendix/compare_anderson_vs_arnold_Anderson_2_parkes_D_k_to.png>
Package pdftex.def Info: figures/appendix/compare_anderson_vs_arnold_Anderson_2
_parkes_D_k_to.png  used on input line 288.
(pdftex.def)             Requested size: 145.68144pt x 58.26392pt.
<figures/appendix/compare_anderson_vs_arnold_Anderson_2_parkes_BC.png, id=473, 
1180.53046pt x 474.45255pt>
File: figures/appendix/compare_anderson_vs_arnold_Anderson_2_parkes_BC.png Grap
hic file (type png)
<use figures/appendix/compare_anderson_vs_arnold_Anderson_2_parkes_BC.png>
Package pdftex.def Info: figures/appendix/compare_anderson_vs_arnold_Anderson_2
_parkes_BC.png  used on input line 292.
(pdftex.def)             Requested size: 145.68144pt x 58.54626pt.

[18 <./figures/appendix/centrality_corr_Anderson_1_tvb.png (PNG copy)> <./figur
es/appendix/centrality_corr_Anderson_2_tvb.png (PNG copy)> <./figures/appendix/
centrality_corr_Arnold_2_tvb.png (PNG copy)> <./figures/appendix/centrality_cor
r_Arnold_3_tvb.png (PNG copy)> <./figures/appendix/centrality_corr_Arnold_4_tvb
.png (PNG copy)> <./figures/appendix/centrality_corr_Arnold_5_tvb.png (PNG copy
)> <./figures/appendix/compare_anderson_vs_arnold_Anderson_1_column_D_to_i.png 
(PNG copy)> <./figures/appendix/compare_anderson_vs_arnold_Anderson_1_column_D_
k_to.png (PNG copy)> <./figures/appendix/compare_anderson_vs_arnold_Anderson_1_
column_BC.png (PNG copy)> <./figures/appendix/compare_anderson_vs_arnold_Anders
on_2_column_D_to_i.png (PNG copy)> <./figures/appendix/compare_anderson_vs_arno
ld_Anderson_2_column_D_k_to.png (PNG copy)> <./figures/appendix/compare_anderso
n_vs_arnold_Anderson_2_column_BC.png (PNG copy)>]
<figures/appendix/compare_anderson_vs_arnold_Anderson_1_tvb_D_to_i.png, id=480,
 1175.1102pt x 474.45255pt>
File: figures/appendix/compare_anderson_vs_arnold_Anderson_1_tvb_D_to_i.png Gra
phic file (type png)
<use figures/appendix/compare_anderson_vs_arnold_Anderson_1_tvb_D_to_i.png>
Package pdftex.def Info: figures/appendix/compare_anderson_vs_arnold_Anderson_1
_tvb_D_to_i.png  used on input line 300.
(pdftex.def)             Requested size: 145.68144pt x 58.81413pt.
<figures/appendix/compare_anderson_vs_arnold_Anderson_1_tvb_D_k_to.png, id=481,
 1175.1102pt x 474.45255pt>
File: figures/appendix/compare_anderson_vs_arnold_Anderson_1_tvb_D_k_to.png Gra
phic file (type png)
<use figures/appendix/compare_anderson_vs_arnold_Anderson_1_tvb_D_k_to.png>
Package pdftex.def Info: figures/appendix/compare_anderson_vs_arnold_Anderson_1
_tvb_D_k_to.png  used on input line 304.
(pdftex.def)             Requested size: 145.68144pt x 58.81413pt.
<figures/appendix/compare_anderson_vs_arnold_Anderson_1_tvb_BC.png, id=482, 118
0.53046pt x 474.45255pt>
File: figures/appendix/compare_anderson_vs_arnold_Anderson_1_tvb_BC.png Graphic
 file (type png)
<use figures/appendix/compare_anderson_vs_arnold_Anderson_1_tvb_BC.png>
Package pdftex.def Info: figures/appendix/compare_anderson_vs_arnold_Anderson_1
_tvb_BC.png  used on input line 308.
(pdftex.def)             Requested size: 145.68144pt x 58.54626pt.
<figures/appendix/compare_anderson_vs_arnold_Anderson_2_tvb_D_to_i.png, id=483,
 1175.1102pt x 474.45255pt>
File: figures/appendix/compare_anderson_vs_arnold_Anderson_2_tvb_D_to_i.png Gra
phic file (type png)
<use figures/appendix/compare_anderson_vs_arnold_Anderson_2_tvb_D_to_i.png>
Package pdftex.def Info: figures/appendix/compare_anderson_vs_arnold_Anderson_2
_tvb_D_to_i.png  used on input line 312.
(pdftex.def)             Requested size: 145.68144pt x 58.81413pt.
<figures/appendix/compare_anderson_vs_arnold_Anderson_2_tvb_D_k_to.png, id=484,
 1175.1102pt x 474.45255pt>
File: figures/appendix/compare_anderson_vs_arnold_Anderson_2_tvb_D_k_to.png Gra
phic file (type png)
<use figures/appendix/compare_anderson_vs_arnold_Anderson_2_tvb_D_k_to.png>
Package pdftex.def Info: figures/appendix/compare_anderson_vs_arnold_Anderson_2
_tvb_D_k_to.png  used on input line 316.
(pdftex.def)             Requested size: 145.68144pt x 58.81413pt.
<figures/appendix/compare_anderson_vs_arnold_Anderson_2_tvb_BC.png, id=485, 118
0.53046pt x 474.45255pt>
File: figures/appendix/compare_anderson_vs_arnold_Anderson_2_tvb_BC.png Graphic
 file (type png)
<use figures/appendix/compare_anderson_vs_arnold_Anderson_2_tvb_BC.png>
Package pdftex.def Info: figures/appendix/compare_anderson_vs_arnold_Anderson_2
_tvb_BC.png  used on input line 320.
(pdftex.def)             Requested size: 145.68144pt x 58.54626pt.
<figures/appendix/compare_LR_asymmetry_Anderson_1_column.png, id=486, 1089.8316
pt x 671.74965pt>
File: figures/appendix/compare_LR_asymmetry_Anderson_1_column.png Graphic file 
(type png)
<use figures/appendix/compare_LR_asymmetry_Anderson_1_column.png>
Package pdftex.def Info: figures/appendix/compare_LR_asymmetry_Anderson_1_colum
n.png  used on input line 329.
(pdftex.def)             Requested size: 209.41534pt x 129.07901pt.
<figures/appendix/compare_LR_asymmetry_Anderson_2_column.png, id=487, 1091.6383
5pt x 686.92635pt>
File: figures/appendix/compare_LR_asymmetry_Anderson_2_column.png Graphic file 
(type png)
<use figures/appendix/compare_LR_asymmetry_Anderson_2_column.png>
Package pdftex.def Info: figures/appendix/compare_LR_asymmetry_Anderson_2_colum
n.png  used on input line 333.
(pdftex.def)             Requested size: 209.41534pt x 131.77515pt.
<figures/appendix/LR_asymmetry_groupTest_column.png, id=488, 952.5186pt x 324.8
5365pt>
File: figures/appendix/LR_asymmetry_groupTest_column.png Graphic file (type png
)
<use figures/appendix/LR_asymmetry_groupTest_column.png>
Package pdftex.def Info: figures/appendix/LR_asymmetry_groupTest_column.png  us
ed on input line 337.
(pdftex.def)             Requested size: 209.41534pt x 71.41844pt.
<figures/appendix/LR_asymmetry_systematic_column.png, id=489, 462.16666pt x 287
.27325pt>
File: figures/appendix/LR_asymmetry_systematic_column.png Graphic file (type pn
g)
<use figures/appendix/LR_asymmetry_systematic_column.png>
Package pdftex.def Info: figures/appendix/LR_asymmetry_systematic_column.png  u
sed on input line 341.
(pdftex.def)             Requested size: 209.41534pt x 130.17036pt.
 [19 <./figures/appendix/compare_anderson_vs_arnold_Anderson_1_parkes_D_to_i.pn
g (PNG copy)> <./figures/appendix/compare_anderson_vs_arnold_Anderson_1_parkes_
D_k_to.png (PNG copy)> <./figures/appendix/compare_anderson_vs_arnold_Anderson_
1_parkes_BC.png (PNG copy)> <./figures/appendix/compare_anderson_vs_arnold_Ande
rson_2_parkes_D_to_i.png (PNG copy)> <./figures/appendix/compare_anderson_vs_ar
nold_Anderson_2_parkes_D_k_to.png (PNG copy)> <./figures/appendix/compare_ander
son_vs_arnold_Anderson_2_parkes_BC.png (PNG copy)> <./figures/appendix/compare_
anderson_vs_arnold_Anderson_1_tvb_D_to_i.png (PNG copy)> <./figures/appendix/co
mpare_anderson_vs_arnold_Anderson_1_tvb_D_k_to.png (PNG copy)> <./figures/appen
dix/compare_anderson_vs_arnold_Anderson_1_tvb_BC.png (PNG copy)> <./figures/app
endix/compare_anderson_vs_arnold_Anderson_2_tvb_D_to_i.png (PNG copy)> <./figur
es/appendix/compare_anderson_vs_arnold_Anderson_2_tvb_D_k_to.png (PNG copy)> <.
/figures/appendix/compare_anderson_vs_arnold_Anderson_2_tvb_BC.png (PNG copy)>]
<figures/appendix/compare_LR_asymmetry_Anderson_1_parkes.png, id=497, 1020.8137
5pt x 671.3883pt>
File: figures/appendix/compare_LR_asymmetry_Anderson_1_parkes.png Graphic file 
(type png)
<use figures/appendix/compare_LR_asymmetry_Anderson_1_parkes.png>
Package pdftex.def Info: figures/appendix/compare_LR_asymmetry_Anderson_1_parke
s.png  used on input line 349.
(pdftex.def)             Requested size: 209.41534pt x 137.72769pt.
<figures/appendix/compare_LR_asymmetry_Anderson_2_parkes.png, id=498, 1022.2591
6pt x 671.3883pt>
File: figures/appendix/compare_LR_asymmetry_Anderson_2_parkes.png Graphic file 
(type png)
<use figures/appendix/compare_LR_asymmetry_Anderson_2_parkes.png>
Package pdftex.def Info: figures/appendix/compare_LR_asymmetry_Anderson_2_parke
s.png  used on input line 353.
(pdftex.def)             Requested size: 209.41534pt x 137.53304pt.
<figures/appendix/LR_asymmetry_groupTest_parkes.png, id=499, 946.37566pt x 322.
68555pt>
File: figures/appendix/LR_asymmetry_groupTest_parkes.png Graphic file (type png
)
<use figures/appendix/LR_asymmetry_groupTest_parkes.png>
Package pdftex.def Info: figures/appendix/LR_asymmetry_groupTest_parkes.png  us
ed on input line 357.
(pdftex.def)             Requested size: 209.41534pt x 71.40463pt.
<figures/appendix/LR_asymmetry_systematic_parkes.png, id=500, 461.8053pt x 286.
1892pt>
File: figures/appendix/LR_asymmetry_systematic_parkes.png Graphic file (type pn
g)
<use figures/appendix/LR_asymmetry_systematic_parkes.png>
Package pdftex.def Info: figures/appendix/LR_asymmetry_systematic_parkes.png  u
sed on input line 361.
(pdftex.def)             Requested size: 209.41534pt x 129.77959pt.
<figures/appendix/compare_LR_asymmetry_Anderson_1_tvb.png, id=501, 1017.5616pt 
x 671.3883pt>
File: figures/appendix/compare_LR_asymmetry_Anderson_1_tvb.png Graphic file (ty
pe png)
<use figures/appendix/compare_LR_asymmetry_Anderson_1_tvb.png>
Package pdftex.def Info: figures/appendix/compare_LR_asymmetry_Anderson_1_tvb.p
ng  used on input line 369.
(pdftex.def)             Requested size: 209.41534pt x 138.1682pt.
<figures/appendix/compare_LR_asymmetry_Anderson_2_tvb.png, id=502, 1017.5616pt 
x 671.3883pt>
File: figures/appendix/compare_LR_asymmetry_Anderson_2_tvb.png Graphic file (ty
pe png)
<use figures/appendix/compare_LR_asymmetry_Anderson_2_tvb.png>
Package pdftex.def Info: figures/appendix/compare_LR_asymmetry_Anderson_2_tvb.p
ng  used on input line 373.
(pdftex.def)             Requested size: 209.41534pt x 138.1682pt.
<figures/appendix/LR_asymmetry_groupTest_tvb.png, id=503, 946.37566pt x 322.685
55pt>
File: figures/appendix/LR_asymmetry_groupTest_tvb.png Graphic file (type png)
<use figures/appendix/LR_asymmetry_groupTest_tvb.png>
Package pdftex.def Info: figures/appendix/LR_asymmetry_groupTest_tvb.png  used 
on input line 377.
(pdftex.def)             Requested size: 209.41534pt x 71.40463pt.
<figures/appendix/LR_asymmetry_systematic_tvb.png, id=504, 461.8053pt x 286.189
2pt>
File: figures/appendix/LR_asymmetry_systematic_tvb.png Graphic file (type png)
<use figures/appendix/LR_asymmetry_systematic_tvb.png>
Package pdftex.def Info: figures/appendix/LR_asymmetry_systematic_tvb.png  used
 on input line 381.
(pdftex.def)             Requested size: 209.41534pt x 129.77959pt.
 [20 <./figures/appendix/compare_LR_asymmetry_Anderson_1_column.png (PNG copy)>
 <./figures/appendix/compare_LR_asymmetry_Anderson_2_column.png (PNG copy)> <./
figures/appendix/LR_asymmetry_groupTest_column.png (PNG copy)> <./figures/appen
dix/LR_asymmetry_systematic_column.png (PNG copy)> <./figures/appendix/compare_
LR_asymmetry_Anderson_1_parkes.png (PNG copy)> <./figures/appendix/compare_LR_a
symmetry_Anderson_2_parkes.png (PNG copy)> <./figures/appendix/LR_asymmetry_gro
upTest_parkes.png (PNG copy)> <./figures/appendix/LR_asymmetry_systematic_parke
s.png (PNG copy)>]
<figures/appendix/region_susc_outliers.png, id=513, 542.025pt x 357.0138pt>
File: figures/appendix/region_susc_outliers.png Graphic file (type png)
<use figures/appendix/region_susc_outliers.png>
Package pdftex.def Info: figures/appendix/region_susc_outliers.png  used on inp
ut line 391.
(pdftex.def)             Requested size: 223.07211pt x 146.93225pt.
<figures/appendix/laterality_influence_outliers.png, id=514, 542.025pt x 357.01
38pt>
File: figures/appendix/laterality_influence_outliers.png Graphic file (type png
)
<use figures/appendix/laterality_influence_outliers.png>
Package pdftex.def Info: figures/appendix/laterality_influence_outliers.png  us
ed on input line 395.
(pdftex.def)             Requested size: 223.07211pt x 146.93225pt.
 [21 <./figures/appendix/compare_LR_asymmetry_Anderson_1_tvb.png (PNG copy)> <.
/figures/appendix/compare_LR_asymmetry_Anderson_2_tvb.png (PNG copy)> <./figure
s/appendix/LR_asymmetry_groupTest_tvb.png (PNG copy)> <./figures/appendix/LR_as
ymmetry_systematic_tvb.png (PNG copy)> <./figures/appendix/region_susc_outliers
.png (PNG copy)> <./figures/appendix/laterality_influence_outliers.png (PNG cop
y)>]
[22]
Overfull \hbox (52.21315pt too wide) in paragraph at lines 487--504
 [][] 
 []


Overfull \hbox (8.87997pt too wide) in paragraph at lines 507--513
 [][] 
 []

[23]
Overfull \hbox (19.2679pt too wide) in paragraph at lines 516--523
 [][] 
 []

[24] [25]) [26] (report.aux)
 ***********
LaTeX2e <2025-11-01>
L3 programming layer <2025-12-24>
 ***********
Package rerunfilecheck Info: File `report.out' has not changed.
(rerunfilecheck)             Checksum: 628C6E2B063E7EFE418469430429E8F8;7718.
 ) 
Here is how much of TeX's memory you used:
 20496 strings out of 467871
 427113 string characters out of 5410130
 810085 words of memory out of 5000000
 48677 multiletter control sequences out of 15000+600000
 746970 words of font info for 276 fonts, out of 8000000 for 9000
 1141 hyphenation exceptions out of 8191
 75i,15n,83p,1005b,1076s stack positions out of 10000i,1000n,20000p,200000b,200000s
<C:/Users/gilmar.souza/scoop/apps/latex/current/texmfs/install/fonts/type1/pu
blic/lm/lmbx10.pfb><C:/Users/gilmar.souza/scoop/apps/latex/current/texmfs/insta
ll/fonts/type1/public/lm/lmbx12.pfb><C:/Users/gilmar.souza/scoop/apps/latex/cur
rent/texmfs/install/fonts/type1/public/lm/lmbx9.pfb><C:/Users/gilmar.souza/scoo
p/apps/latex/current/texmfs/install/fonts/type1/public/lm/lmcsc10.pfb><C:/Users
/gilmar.souza/scoop/apps/latex/current/texmfs/install/fonts/type1/public/lm/lme
x10.pfb><C:/Users/gilmar.souza/scoop/apps/latex/current/texmfs/install/fonts/ty
pe1/public/lm/lmmi10.pfb><C:/Users/gilmar.souza/scoop/apps/latex/current/texmfs
/install/fonts/type1/public/lm/lmmi12.pfb><C:/Users/gilmar.souza/scoop/apps/lat
ex/current/texmfs/install/fonts/type1/public/lm/lmmi7.pfb><C:/Users/gilmar.souz
a/scoop/apps/latex/current/texmfs/install/fonts/type1/public/lm/lmmi8.pfb><C:/U
sers/gilmar.souza/scoop/apps/latex/current/texmfs/install/fonts/type1/public/lm
/lmmi9.pfb><C:/Users/gilmar.souza/scoop/apps/latex/current/texmfs/install/fonts
/type1/public/lm/lmr10.pfb><C:/Users/gilmar.souza/scoop/apps/latex/current/texm
fs/install/fonts/type1/public/lm/lmr12.pfb><C:/Users/gilmar.souza/scoop/apps/la
tex/current/texmfs/install/fonts/type1/public/lm/lmr6.pfb><C:/Users/gilmar.souz
a/scoop/apps/latex/current/texmfs/install/fonts/type1/public/lm/lmr7.pfb><C:/Us
ers/gilmar.souza/scoop/apps/latex/current/texmfs/install/fonts/type1/public/lm/
lmr8.pfb><C:/Users/gilmar.souza/scoop/apps/latex/current/texmfs/install/fonts/t
ype1/public/lm/lmr9.pfb><C:/Users/gilmar.souza/scoop/apps/latex/current/texmfs/
install/fonts/type1/public/lm/lmri10.pfb><C:/Users/gilmar.souza/scoop/apps/late
x/current/texmfs/install/fonts/type1/public/lm/lmri9.pfb><C:/Users/gilmar.souza
/scoop/apps/latex/current/texmfs/install/fonts/type1/public/lm/lmsy10.pfb><C:/U
sers/gilmar.souza/scoop/apps/latex/current/texmfs/install/fonts/type1/public/lm
/lmsy6.pfb><C:/Users/gilmar.souza/scoop/apps/latex/current/texmfs/install/fonts
/type1/public/lm/lmsy7.pfb><C:/Users/gilmar.souza/scoop/apps/latex/current/texm
fs/install/fonts/type1/public/lm/lmsy8.pfb><C:/Users/gilmar.souza/scoop/apps/la
tex/current/texmfs/install/fonts/type1/public/lm/lmsy9.pfb><C:/Users/gilmar.sou
za/scoop/apps/latex/current/texmfs/install/fonts/type1/public/lm/lmtk10.pfb><C:
/Users/gilmar.souza/scoop/apps/latex/current/texmfs/install/fonts/type1/public/
lm/lmtt10.pfb><C:/Users/gilmar.souza/scoop/apps/latex/current/texmfs/install/fo
nts/type1/public/lm/lmtt9.pfb><C:/Users/gilmar.souza/scoop/apps/latex/current/t
exmfs/install/fonts/type1/public/amsfonts/symbols/msam10.pfb>
Output written on report.pdf (26 pages, 14162506 bytes).
PDF statistics:
 713 PDF objects out of 1000 (max. 8388607)
 122 named destinations out of 1000 (max. 500000)
 66239 words of extra memory for PDF output out of 74296 (max. 10000000)

